// Jest Snapshot v1, https://goo.gl/fbAQLP

exports[`CardBrowser renders properly 1`] = `
ShallowWrapper {
  "length": 1,
  Symbol(enzyme.__root__): [Circular],
  Symbol(enzyme.__unrendered__): <CardBrowser
    rows={
        Array [
            Object {
              "deck": "Kanji",
              "id": "card-1",
              "template": "Kanji (Production)",
              "type": "Kanji (Production + Reading)",
            },
            Object {
              "deck": "Kanji",
              "id": "card-2",
              "template": "Kanji (Reading)",
              "type": "Kanji (Production + Reading)",
            },
          ]
    }
/>,
  Symbol(enzyme.__renderer__): Object {
    "batchedUpdates": [Function],
    "getNode": [Function],
    "render": [Function],
    "simulateEvent": [Function],
    "unmount": [Function],
  },
  Symbol(enzyme.__node__): Object {
    "instance": null,
    "key": undefined,
    "nodeType": "host",
    "props": Object {
      "children": <table>
        <thead>
                <tr>
                        <th>
                                Deck
                        </th>
                        <th>
                                Type
                        </th>
                        <th>
                                Template
                        </th>
                        <th>
                                Data
                        </th>
                </tr>
        </thead>
        <tbody>
                <tr
                        onClick={[Function]}
                >
                        <td>
                                Kanji
                        </td>
                        <td>
                                Kanji (Production + Reading)
                        </td>
                        <td>
                                Kanji (Production)
                        </td>
                        <td />
                </tr>
                <tr
                        onClick={[Function]}
                >
                        <td>
                                Kanji
                        </td>
                        <td>
                                Kanji (Production + Reading)
                        </td>
                        <td>
                                Kanji (Reading)
                        </td>
                        <td />
                </tr>
        </tbody>
</table>,
    },
    "ref": null,
    "rendered": Object {
      "instance": null,
      "key": undefined,
      "nodeType": "host",
      "props": Object {
        "children": Array [
          <thead>
            <tr>
                        <th>
                                    Deck
                        </th>
                        <th>
                                    Type
                        </th>
                        <th>
                                    Template
                        </th>
                        <th>
                                    Data
                        </th>
            </tr>
</thead>,
          <tbody>
            <tr
                        onClick={[Function]}
            >
                        <td>
                                    Kanji
                        </td>
                        <td>
                                    Kanji (Production + Reading)
                        </td>
                        <td>
                                    Kanji (Production)
                        </td>
                        <td />
            </tr>
            <tr
                        onClick={[Function]}
            >
                        <td>
                                    Kanji
                        </td>
                        <td>
                                    Kanji (Production + Reading)
                        </td>
                        <td>
                                    Kanji (Reading)
                        </td>
                        <td />
            </tr>
</tbody>,
        ],
      },
      "ref": null,
      "rendered": Array [
        Object {
          "instance": null,
          "key": undefined,
          "nodeType": "host",
          "props": Object {
            "children": <tr>
              <th>
                            Deck
              </th>
              <th>
                            Type
              </th>
              <th>
                            Template
              </th>
              <th>
                            Data
              </th>
</tr>,
          },
          "ref": null,
          "rendered": Object {
            "instance": null,
            "key": undefined,
            "nodeType": "host",
            "props": Object {
              "children": Array [
                <th>
                  Deck
</th>,
                <th>
                  Type
</th>,
                <th>
                  Template
</th>,
                <th>
                  Data
</th>,
              ],
            },
            "ref": null,
            "rendered": Array [
              Object {
                "instance": null,
                "key": undefined,
                "nodeType": "host",
                "props": Object {
                  "children": "Deck",
                },
                "ref": null,
                "rendered": "Deck",
                "type": "th",
              },
              Object {
                "instance": null,
                "key": undefined,
                "nodeType": "host",
                "props": Object {
                  "children": "Type",
                },
                "ref": null,
                "rendered": "Type",
                "type": "th",
              },
              Object {
                "instance": null,
                "key": undefined,
                "nodeType": "host",
                "props": Object {
                  "children": "Template",
                },
                "ref": null,
                "rendered": "Template",
                "type": "th",
              },
              Object {
                "instance": null,
                "key": undefined,
                "nodeType": "host",
                "props": Object {
                  "children": "Data",
                },
                "ref": null,
                "rendered": "Data",
                "type": "th",
              },
            ],
            "type": "tr",
          },
          "type": "thead",
        },
        Object {
          "instance": null,
          "key": undefined,
          "nodeType": "host",
          "props": Object {
            "children": Array [
              <tr
                onClick={[Function]}
>
                <td>
                                Kanji
                </td>
                <td>
                                Kanji (Production + Reading)
                </td>
                <td>
                                Kanji (Production)
                </td>
                <td />
</tr>,
              <tr
                onClick={[Function]}
>
                <td>
                                Kanji
                </td>
                <td>
                                Kanji (Production + Reading)
                </td>
                <td>
                                Kanji (Reading)
                </td>
                <td />
</tr>,
            ],
          },
          "ref": null,
          "rendered": Array [
            Object {
              "instance": null,
              "key": "card-1",
              "nodeType": "host",
              "props": Object {
                "children": Array [
                  <td>
                    Kanji
</td>,
                  <td>
                    Kanji (Production + Reading)
</td>,
                  <td>
                    Kanji (Production)
</td>,
                  <td />,
                ],
                "onClick": [Function],
              },
              "ref": null,
              "rendered": Array [
                Object {
                  "instance": null,
                  "key": undefined,
                  "nodeType": "host",
                  "props": Object {
                    "children": "Kanji",
                  },
                  "ref": null,
                  "rendered": "Kanji",
                  "type": "td",
                },
                Object {
                  "instance": null,
                  "key": undefined,
                  "nodeType": "host",
                  "props": Object {
                    "children": "Kanji (Production + Reading)",
                  },
                  "ref": null,
                  "rendered": "Kanji (Production + Reading)",
                  "type": "td",
                },
                Object {
                  "instance": null,
                  "key": undefined,
                  "nodeType": "host",
                  "props": Object {
                    "children": "Kanji (Production)",
                  },
                  "ref": null,
                  "rendered": "Kanji (Production)",
                  "type": "td",
                },
                Object {
                  "instance": null,
                  "key": undefined,
                  "nodeType": "host",
                  "props": Object {
                    "children": undefined,
                  },
                  "ref": null,
                  "rendered": null,
                  "type": "td",
                },
              ],
              "type": "tr",
            },
            Object {
              "instance": null,
              "key": "card-2",
              "nodeType": "host",
              "props": Object {
                "children": Array [
                  <td>
                    Kanji
</td>,
                  <td>
                    Kanji (Production + Reading)
</td>,
                  <td>
                    Kanji (Reading)
</td>,
                  <td />,
                ],
                "onClick": [Function],
              },
              "ref": null,
              "rendered": Array [
                Object {
                  "instance": null,
                  "key": undefined,
                  "nodeType": "host",
                  "props": Object {
                    "children": "Kanji",
                  },
                  "ref": null,
                  "rendered": "Kanji",
                  "type": "td",
                },
                Object {
                  "instance": null,
                  "key": undefined,
                  "nodeType": "host",
                  "props": Object {
                    "children": "Kanji (Production + Reading)",
                  },
                  "ref": null,
                  "rendered": "Kanji (Production + Reading)",
                  "type": "td",
                },
                Object {
                  "instance": null,
                  "key": undefined,
                  "nodeType": "host",
                  "props": Object {
                    "children": "Kanji (Reading)",
                  },
                  "ref": null,
                  "rendered": "Kanji (Reading)",
                  "type": "td",
                },
                Object {
                  "instance": null,
                  "key": undefined,
                  "nodeType": "host",
                  "props": Object {
                    "children": undefined,
                  },
                  "ref": null,
                  "rendered": null,
                  "type": "td",
                },
              ],
              "type": "tr",
            },
          ],
          "type": "tbody",
        },
      ],
      "type": "table",
    },
    "type": "div",
  },
  Symbol(enzyme.__nodes__): Array [
    Object {
      "instance": null,
      "key": undefined,
      "nodeType": "host",
      "props": Object {
        "children": <table>
          <thead>
                    <tr>
                              <th>
                                        Deck
                              </th>
                              <th>
                                        Type
                              </th>
                              <th>
                                        Template
                              </th>
                              <th>
                                        Data
                              </th>
                    </tr>
          </thead>
          <tbody>
                    <tr
                              onClick={[Function]}
                    >
                              <td>
                                        Kanji
                              </td>
                              <td>
                                        Kanji (Production + Reading)
                              </td>
                              <td>
                                        Kanji (Production)
                              </td>
                              <td />
                    </tr>
                    <tr
                              onClick={[Function]}
                    >
                              <td>
                                        Kanji
                              </td>
                              <td>
                                        Kanji (Production + Reading)
                              </td>
                              <td>
                                        Kanji (Reading)
                              </td>
                              <td />
                    </tr>
          </tbody>
</table>,
      },
      "ref": null,
      "rendered": Object {
        "instance": null,
        "key": undefined,
        "nodeType": "host",
        "props": Object {
          "children": Array [
            <thead>
              <tr>
                            <th>
                                          Deck
                            </th>
                            <th>
                                          Type
                            </th>
                            <th>
                                          Template
                            </th>
                            <th>
                                          Data
                            </th>
              </tr>
</thead>,
            <tbody>
              <tr
                            onClick={[Function]}
              >
                            <td>
                                          Kanji
                            </td>
                            <td>
                                          Kanji (Production + Reading)
                            </td>
                            <td>
                                          Kanji (Production)
                            </td>
                            <td />
              </tr>
              <tr
                            onClick={[Function]}
              >
                            <td>
                                          Kanji
                            </td>
                            <td>
                                          Kanji (Production + Reading)
                            </td>
                            <td>
                                          Kanji (Reading)
                            </td>
                            <td />
              </tr>
</tbody>,
          ],
        },
        "ref": null,
        "rendered": Array [
          Object {
            "instance": null,
            "key": undefined,
            "nodeType": "host",
            "props": Object {
              "children": <tr>
                <th>
                                Deck
                </th>
                <th>
                                Type
                </th>
                <th>
                                Template
                </th>
                <th>
                                Data
                </th>
</tr>,
            },
            "ref": null,
            "rendered": Object {
              "instance": null,
              "key": undefined,
              "nodeType": "host",
              "props": Object {
                "children": Array [
                  <th>
                    Deck
</th>,
                  <th>
                    Type
</th>,
                  <th>
                    Template
</th>,
                  <th>
                    Data
</th>,
                ],
              },
              "ref": null,
              "rendered": Array [
                Object {
                  "instance": null,
                  "key": undefined,
                  "nodeType": "host",
                  "props": Object {
                    "children": "Deck",
                  },
                  "ref": null,
                  "rendered": "Deck",
                  "type": "th",
                },
                Object {
                  "instance": null,
                  "key": undefined,
                  "nodeType": "host",
                  "props": Object {
                    "children": "Type",
                  },
                  "ref": null,
                  "rendered": "Type",
                  "type": "th",
                },
                Object {
                  "instance": null,
                  "key": undefined,
                  "nodeType": "host",
                  "props": Object {
                    "children": "Template",
                  },
                  "ref": null,
                  "rendered": "Template",
                  "type": "th",
                },
                Object {
                  "instance": null,
                  "key": undefined,
                  "nodeType": "host",
                  "props": Object {
                    "children": "Data",
                  },
                  "ref": null,
                  "rendered": "Data",
                  "type": "th",
                },
              ],
              "type": "tr",
            },
            "type": "thead",
          },
          Object {
            "instance": null,
            "key": undefined,
            "nodeType": "host",
            "props": Object {
              "children": Array [
                <tr
                  onClick={[Function]}
>
                  <td>
                                    Kanji
                  </td>
                  <td>
                                    Kanji (Production + Reading)
                  </td>
                  <td>
                                    Kanji (Production)
                  </td>
                  <td />
</tr>,
                <tr
                  onClick={[Function]}
>
                  <td>
                                    Kanji
                  </td>
                  <td>
                                    Kanji (Production + Reading)
                  </td>
                  <td>
                                    Kanji (Reading)
                  </td>
                  <td />
</tr>,
              ],
            },
            "ref": null,
            "rendered": Array [
              Object {
                "instance": null,
                "key": "card-1",
                "nodeType": "host",
                "props": Object {
                  "children": Array [
                    <td>
                      Kanji
</td>,
                    <td>
                      Kanji (Production + Reading)
</td>,
                    <td>
                      Kanji (Production)
</td>,
                    <td />,
                  ],
                  "onClick": [Function],
                },
                "ref": null,
                "rendered": Array [
                  Object {
                    "instance": null,
                    "key": undefined,
                    "nodeType": "host",
                    "props": Object {
                      "children": "Kanji",
                    },
                    "ref": null,
                    "rendered": "Kanji",
                    "type": "td",
                  },
                  Object {
                    "instance": null,
                    "key": undefined,
                    "nodeType": "host",
                    "props": Object {
                      "children": "Kanji (Production + Reading)",
                    },
                    "ref": null,
                    "rendered": "Kanji (Production + Reading)",
                    "type": "td",
                  },
                  Object {
                    "instance": null,
                    "key": undefined,
                    "nodeType": "host",
                    "props": Object {
                      "children": "Kanji (Production)",
                    },
                    "ref": null,
                    "rendered": "Kanji (Production)",
                    "type": "td",
                  },
                  Object {
                    "instance": null,
                    "key": undefined,
                    "nodeType": "host",
                    "props": Object {
                      "children": undefined,
                    },
                    "ref": null,
                    "rendered": null,
                    "type": "td",
                  },
                ],
                "type": "tr",
              },
              Object {
                "instance": null,
                "key": "card-2",
                "nodeType": "host",
                "props": Object {
                  "children": Array [
                    <td>
                      Kanji
</td>,
                    <td>
                      Kanji (Production + Reading)
</td>,
                    <td>
                      Kanji (Reading)
</td>,
                    <td />,
                  ],
                  "onClick": [Function],
                },
                "ref": null,
                "rendered": Array [
                  Object {
                    "instance": null,
                    "key": undefined,
                    "nodeType": "host",
                    "props": Object {
                      "children": "Kanji",
                    },
                    "ref": null,
                    "rendered": "Kanji",
                    "type": "td",
                  },
                  Object {
                    "instance": null,
                    "key": undefined,
                    "nodeType": "host",
                    "props": Object {
                      "children": "Kanji (Production + Reading)",
                    },
                    "ref": null,
                    "rendered": "Kanji (Production + Reading)",
                    "type": "td",
                  },
                  Object {
                    "instance": null,
                    "key": undefined,
                    "nodeType": "host",
                    "props": Object {
                      "children": "Kanji (Reading)",
                    },
                    "ref": null,
                    "rendered": "Kanji (Reading)",
                    "type": "td",
                  },
                  Object {
                    "instance": null,
                    "key": undefined,
                    "nodeType": "host",
                    "props": Object {
                      "children": undefined,
                    },
                    "ref": null,
                    "rendered": null,
                    "type": "td",
                  },
                ],
                "type": "tr",
              },
            ],
            "type": "tbody",
          },
        ],
        "type": "table",
      },
      "type": "div",
    },
  ],
  Symbol(enzyme.__options__): Object {
    "adapter": ReactSixteenAdapter {
      "options": Object {
        "enableComponentDidUpdateOnSetState": true,
      },
    },
  },
}
`;
