// Jest Snapshot v1, https://goo.gl/fbAQLP

exports[`Inbox renders properly 1`] = `
ShallowWrapper {
  "length": 1,
  Symbol(enzyme.__root__): [Circular],
  Symbol(enzyme.__unrendered__): <Inbox
    decks={
        Array [
            Object {
              "id": 1,
              "title": "__TEST__",
            },
          ]
    }
/>,
  Symbol(enzyme.__renderer__): Object {
    "batchedUpdates": [Function],
    "getNode": [Function],
    "render": [Function],
    "simulateEvent": [Function],
    "unmount": [Function],
  },
  Symbol(enzyme.__node__): Object {
    "instance": null,
    "key": undefined,
    "nodeType": "host",
    "props": Object {
      "children": Array [
        <h1>
          Inbox
</h1>,
        <ul
          className="deck-list"
>
          <li>
                    <Link
                              replace={false}
                              to="/decks/1"
                    >
                              __TEST__
                    </Link>
          </li>
</ul>,
        <Connect(NewDeck) />,
        <Button
          onClick={[Function]}
>
          Start Learning
</Button>,
      ],
    },
    "ref": null,
    "rendered": Array [
      Object {
        "instance": null,
        "key": undefined,
        "nodeType": "host",
        "props": Object {
          "children": "Inbox",
        },
        "ref": null,
        "rendered": "Inbox",
        "type": "h1",
      },
      Object {
        "instance": null,
        "key": undefined,
        "nodeType": "host",
        "props": Object {
          "children": Array [
            <li>
              <Link
                            replace={false}
                            to="/decks/1"
              >
                            __TEST__
              </Link>
</li>,
          ],
          "className": "deck-list",
        },
        "ref": null,
        "rendered": Array [
          Object {
            "instance": null,
            "key": "1",
            "nodeType": "host",
            "props": Object {
              "children": <Link
                replace={false}
                to="/decks/1"
>
                __TEST__
</Link>,
            },
            "ref": null,
            "rendered": Object {
              "instance": null,
              "key": undefined,
              "nodeType": "class",
              "props": Object {
                "children": "__TEST__",
                "replace": false,
                "to": "/decks/1",
              },
              "ref": null,
              "rendered": "__TEST__",
              "type": [Function],
            },
            "type": "li",
          },
        ],
        "type": "ul",
      },
      Object {
        "instance": null,
        "key": undefined,
        "nodeType": "class",
        "props": Object {},
        "ref": null,
        "rendered": null,
        "type": [Function],
      },
      Object {
        "instance": null,
        "key": undefined,
        "nodeType": "function",
        "props": Object {
          "children": "Start Learning",
          "onClick": [Function],
        },
        "ref": null,
        "rendered": "Start Learning",
        "type": [Function],
      },
    ],
    "type": "div",
  },
  Symbol(enzyme.__nodes__): Array [
    Object {
      "instance": null,
      "key": undefined,
      "nodeType": "host",
      "props": Object {
        "children": Array [
          <h1>
            Inbox
</h1>,
          <ul
            className="deck-list"
>
            <li>
                        <Link
                                    replace={false}
                                    to="/decks/1"
                        >
                                    __TEST__
                        </Link>
            </li>
</ul>,
          <Connect(NewDeck) />,
          <Button
            onClick={[Function]}
>
            Start Learning
</Button>,
        ],
      },
      "ref": null,
      "rendered": Array [
        Object {
          "instance": null,
          "key": undefined,
          "nodeType": "host",
          "props": Object {
            "children": "Inbox",
          },
          "ref": null,
          "rendered": "Inbox",
          "type": "h1",
        },
        Object {
          "instance": null,
          "key": undefined,
          "nodeType": "host",
          "props": Object {
            "children": Array [
              <li>
                <Link
                                replace={false}
                                to="/decks/1"
                >
                                __TEST__
                </Link>
</li>,
            ],
            "className": "deck-list",
          },
          "ref": null,
          "rendered": Array [
            Object {
              "instance": null,
              "key": "1",
              "nodeType": "host",
              "props": Object {
                "children": <Link
                  replace={false}
                  to="/decks/1"
>
                  __TEST__
</Link>,
              },
              "ref": null,
              "rendered": Object {
                "instance": null,
                "key": undefined,
                "nodeType": "class",
                "props": Object {
                  "children": "__TEST__",
                  "replace": false,
                  "to": "/decks/1",
                },
                "ref": null,
                "rendered": "__TEST__",
                "type": [Function],
              },
              "type": "li",
            },
          ],
          "type": "ul",
        },
        Object {
          "instance": null,
          "key": undefined,
          "nodeType": "class",
          "props": Object {},
          "ref": null,
          "rendered": null,
          "type": [Function],
        },
        Object {
          "instance": null,
          "key": undefined,
          "nodeType": "function",
          "props": Object {
            "children": "Start Learning",
            "onClick": [Function],
          },
          "ref": null,
          "rendered": "Start Learning",
          "type": [Function],
        },
      ],
      "type": "div",
    },
  ],
  Symbol(enzyme.__options__): Object {
    "adapter": ReactSixteenAdapter {
      "options": Object {
        "enableComponentDidUpdateOnSetState": true,
      },
    },
  },
}
`;
