// Jest Snapshot v1, https://goo.gl/fbAQLP

exports[`Inbox renders properly 1`] = `
ShallowWrapper {
  "length": 1,
  Symbol(enzyme.__root__): [Circular],
  Symbol(enzyme.__unrendered__): <Inbox />,
  Symbol(enzyme.__renderer__): Object {
    "batchedUpdates": [Function],
    "getNode": [Function],
    "render": [Function],
    "simulateEvent": [Function],
    "unmount": [Function],
  },
  Symbol(enzyme.__node__): Object {
    "instance": null,
    "key": undefined,
    "nodeType": "host",
    "props": Object {
      "children": Array [
        <h1>
          Inbox
</h1>,
        <p>
          Filter by: 
</p>,
        <ul>
          <li>
                    <a
                              href="#"
                    >
                              Due Decks
                    </a>
          </li>
          <li>
                    <a
                              href="#"
                    >
                              Active Decks
                    </a>
          </li>
          <li>
                    <a
                              href="#"
                    >
                              Inactive Decks
                    </a>
          </li>
</ul>,
        <ul>
          <li>
                    <a
                              href="#"
                    >
                              JavaScript
                    </a>
          </li>
          <li>
                    <a
                              href="#"
                    >
                              Functional Programming
                    </a>
          </li>
</ul>,
        <Button
          onClick={[Function]}
>
          Start Learning
</Button>,
      ],
      "className": "App",
    },
    "ref": null,
    "rendered": Array [
      Object {
        "instance": null,
        "key": undefined,
        "nodeType": "host",
        "props": Object {
          "children": "Inbox",
        },
        "ref": null,
        "rendered": "Inbox",
        "type": "h1",
      },
      Object {
        "instance": null,
        "key": undefined,
        "nodeType": "host",
        "props": Object {
          "children": "Filter by: ",
        },
        "ref": null,
        "rendered": "Filter by: ",
        "type": "p",
      },
      Object {
        "instance": null,
        "key": undefined,
        "nodeType": "host",
        "props": Object {
          "children": Array [
            <li>
              <a
                            href="#"
              >
                            Due Decks
              </a>
</li>,
            <li>
              <a
                            href="#"
              >
                            Active Decks
              </a>
</li>,
            <li>
              <a
                            href="#"
              >
                            Inactive Decks
              </a>
</li>,
          ],
        },
        "ref": null,
        "rendered": Array [
          Object {
            "instance": null,
            "key": undefined,
            "nodeType": "host",
            "props": Object {
              "children": <a
                href="#"
>
                Due Decks
</a>,
            },
            "ref": null,
            "rendered": Object {
              "instance": null,
              "key": undefined,
              "nodeType": "host",
              "props": Object {
                "children": "Due Decks",
                "href": "#",
              },
              "ref": null,
              "rendered": "Due Decks",
              "type": "a",
            },
            "type": "li",
          },
          Object {
            "instance": null,
            "key": undefined,
            "nodeType": "host",
            "props": Object {
              "children": <a
                href="#"
>
                Active Decks
</a>,
            },
            "ref": null,
            "rendered": Object {
              "instance": null,
              "key": undefined,
              "nodeType": "host",
              "props": Object {
                "children": "Active Decks",
                "href": "#",
              },
              "ref": null,
              "rendered": "Active Decks",
              "type": "a",
            },
            "type": "li",
          },
          Object {
            "instance": null,
            "key": undefined,
            "nodeType": "host",
            "props": Object {
              "children": <a
                href="#"
>
                Inactive Decks
</a>,
            },
            "ref": null,
            "rendered": Object {
              "instance": null,
              "key": undefined,
              "nodeType": "host",
              "props": Object {
                "children": "Inactive Decks",
                "href": "#",
              },
              "ref": null,
              "rendered": "Inactive Decks",
              "type": "a",
            },
            "type": "li",
          },
        ],
        "type": "ul",
      },
      Object {
        "instance": null,
        "key": undefined,
        "nodeType": "host",
        "props": Object {
          "children": Array [
            <li>
              <a
                            href="#"
              >
                            JavaScript
              </a>
</li>,
            <li>
              <a
                            href="#"
              >
                            Functional Programming
              </a>
</li>,
          ],
        },
        "ref": null,
        "rendered": Array [
          Object {
            "instance": null,
            "key": undefined,
            "nodeType": "host",
            "props": Object {
              "children": <a
                href="#"
>
                JavaScript
</a>,
            },
            "ref": null,
            "rendered": Object {
              "instance": null,
              "key": undefined,
              "nodeType": "host",
              "props": Object {
                "children": "JavaScript",
                "href": "#",
              },
              "ref": null,
              "rendered": "JavaScript",
              "type": "a",
            },
            "type": "li",
          },
          Object {
            "instance": null,
            "key": undefined,
            "nodeType": "host",
            "props": Object {
              "children": <a
                href="#"
>
                Functional Programming
</a>,
            },
            "ref": null,
            "rendered": Object {
              "instance": null,
              "key": undefined,
              "nodeType": "host",
              "props": Object {
                "children": "Functional Programming",
                "href": "#",
              },
              "ref": null,
              "rendered": "Functional Programming",
              "type": "a",
            },
            "type": "li",
          },
        ],
        "type": "ul",
      },
      Object {
        "instance": null,
        "key": undefined,
        "nodeType": "function",
        "props": Object {
          "children": "Start Learning",
          "onClick": [Function],
        },
        "ref": null,
        "rendered": "Start Learning",
        "type": [Function],
      },
    ],
    "type": "div",
  },
  Symbol(enzyme.__nodes__): Array [
    Object {
      "instance": null,
      "key": undefined,
      "nodeType": "host",
      "props": Object {
        "children": Array [
          <h1>
            Inbox
</h1>,
          <p>
            Filter by: 
</p>,
          <ul>
            <li>
                        <a
                                    href="#"
                        >
                                    Due Decks
                        </a>
            </li>
            <li>
                        <a
                                    href="#"
                        >
                                    Active Decks
                        </a>
            </li>
            <li>
                        <a
                                    href="#"
                        >
                                    Inactive Decks
                        </a>
            </li>
</ul>,
          <ul>
            <li>
                        <a
                                    href="#"
                        >
                                    JavaScript
                        </a>
            </li>
            <li>
                        <a
                                    href="#"
                        >
                                    Functional Programming
                        </a>
            </li>
</ul>,
          <Button
            onClick={[Function]}
>
            Start Learning
</Button>,
        ],
        "className": "App",
      },
      "ref": null,
      "rendered": Array [
        Object {
          "instance": null,
          "key": undefined,
          "nodeType": "host",
          "props": Object {
            "children": "Inbox",
          },
          "ref": null,
          "rendered": "Inbox",
          "type": "h1",
        },
        Object {
          "instance": null,
          "key": undefined,
          "nodeType": "host",
          "props": Object {
            "children": "Filter by: ",
          },
          "ref": null,
          "rendered": "Filter by: ",
          "type": "p",
        },
        Object {
          "instance": null,
          "key": undefined,
          "nodeType": "host",
          "props": Object {
            "children": Array [
              <li>
                <a
                                href="#"
                >
                                Due Decks
                </a>
</li>,
              <li>
                <a
                                href="#"
                >
                                Active Decks
                </a>
</li>,
              <li>
                <a
                                href="#"
                >
                                Inactive Decks
                </a>
</li>,
            ],
          },
          "ref": null,
          "rendered": Array [
            Object {
              "instance": null,
              "key": undefined,
              "nodeType": "host",
              "props": Object {
                "children": <a
                  href="#"
>
                  Due Decks
</a>,
              },
              "ref": null,
              "rendered": Object {
                "instance": null,
                "key": undefined,
                "nodeType": "host",
                "props": Object {
                  "children": "Due Decks",
                  "href": "#",
                },
                "ref": null,
                "rendered": "Due Decks",
                "type": "a",
              },
              "type": "li",
            },
            Object {
              "instance": null,
              "key": undefined,
              "nodeType": "host",
              "props": Object {
                "children": <a
                  href="#"
>
                  Active Decks
</a>,
              },
              "ref": null,
              "rendered": Object {
                "instance": null,
                "key": undefined,
                "nodeType": "host",
                "props": Object {
                  "children": "Active Decks",
                  "href": "#",
                },
                "ref": null,
                "rendered": "Active Decks",
                "type": "a",
              },
              "type": "li",
            },
            Object {
              "instance": null,
              "key": undefined,
              "nodeType": "host",
              "props": Object {
                "children": <a
                  href="#"
>
                  Inactive Decks
</a>,
              },
              "ref": null,
              "rendered": Object {
                "instance": null,
                "key": undefined,
                "nodeType": "host",
                "props": Object {
                  "children": "Inactive Decks",
                  "href": "#",
                },
                "ref": null,
                "rendered": "Inactive Decks",
                "type": "a",
              },
              "type": "li",
            },
          ],
          "type": "ul",
        },
        Object {
          "instance": null,
          "key": undefined,
          "nodeType": "host",
          "props": Object {
            "children": Array [
              <li>
                <a
                                href="#"
                >
                                JavaScript
                </a>
</li>,
              <li>
                <a
                                href="#"
                >
                                Functional Programming
                </a>
</li>,
            ],
          },
          "ref": null,
          "rendered": Array [
            Object {
              "instance": null,
              "key": undefined,
              "nodeType": "host",
              "props": Object {
                "children": <a
                  href="#"
>
                  JavaScript
</a>,
              },
              "ref": null,
              "rendered": Object {
                "instance": null,
                "key": undefined,
                "nodeType": "host",
                "props": Object {
                  "children": "JavaScript",
                  "href": "#",
                },
                "ref": null,
                "rendered": "JavaScript",
                "type": "a",
              },
              "type": "li",
            },
            Object {
              "instance": null,
              "key": undefined,
              "nodeType": "host",
              "props": Object {
                "children": <a
                  href="#"
>
                  Functional Programming
</a>,
              },
              "ref": null,
              "rendered": Object {
                "instance": null,
                "key": undefined,
                "nodeType": "host",
                "props": Object {
                  "children": "Functional Programming",
                  "href": "#",
                },
                "ref": null,
                "rendered": "Functional Programming",
                "type": "a",
              },
              "type": "li",
            },
          ],
          "type": "ul",
        },
        Object {
          "instance": null,
          "key": undefined,
          "nodeType": "function",
          "props": Object {
            "children": "Start Learning",
            "onClick": [Function],
          },
          "ref": null,
          "rendered": "Start Learning",
          "type": [Function],
        },
      ],
      "type": "div",
    },
  ],
  Symbol(enzyme.__options__): Object {
    "adapter": ReactSixteenAdapter {
      "options": Object {
        "enableComponentDidUpdateOnSetState": true,
      },
    },
  },
}
`;
